server.ts(187,22): error TS2367: This comparison appears to be unintentional because the types '"always_allowed" | "password_required" | "disabled"' and '"bypass_required"' have no overlap.
server.ts(214,28): error TS2367: This comparison appears to be unintentional because the types '"always_allowed" | "password_required" | "disabled"' and '"bypass_required"' have no overlap.
server.ts(393,28): error TS2304: Cannot find name 'portfolioConfig'.
server.ts(404,25): error TS2304: Cannot find name 'portfolioConfig'.
server.ts(408,10): error TS2304: Cannot find name 'portfolioConfig'.
server.ts(409,10): error TS2304: Cannot find name 'portfolioConfig'.
server.ts(413,27): error TS2304: Cannot find name 'portfolioConfig'.
server.ts(414,32): error TS2304: Cannot find name 'portfolioConfig'.
server.ts(430,12): error TS2304: Cannot find name 'portfolioConfig'.
server.ts(431,46): error TS2304: Cannot find name 'portfolioConfig'.
server.ts(434,25): error TS2304: Cannot find name 'portfolioConfig'.
server.ts(435,30): error TS2304: Cannot find name 'portfolioConfig'.
server.ts(436,30): error TS2304: Cannot find name 'portfolioConfig'.
server.ts(521,36): error TS2304: Cannot find name 'portfolioConfig'.
server.ts(554,36): error TS2304: Cannot find name 'portfolioConfig'.
server.ts(584,37): error TS2304: Cannot find name 'portfolioConfig'.
server.ts(584,82): error TS2304: Cannot find name 'portfolioConfig'.
server.ts(585,27): error TS2304: Cannot find name 'portfolioConfig'.
server.ts(586,32): error TS2304: Cannot find name 'portfolioConfig'.
server.ts(598,8): error TS2304: Cannot find name 'portfolioConfig'.
server.ts(599,8): error TS2304: Cannot find name 'portfolioConfig'.
server.ts(601,24): error TS2304: Cannot find name 'CONFIG_FILE'.
server.ts(601,52): error TS2304: Cannot find name 'portfolioConfig'.
server.ts(603,25): error TS2304: Cannot find name 'portfolioConfig'.
server.ts(617,12): error TS2304: Cannot find name 'portfolioConfig'.
server.ts(617,57): error TS2304: Cannot find name 'portfolioConfig'.
server.ts(618,27): error TS2304: Cannot find name 'portfolioConfig'.
server.ts(619,32): error TS2304: Cannot find name 'portfolioConfig'.
server.ts(626,22): error TS2304: Cannot find name 'portfolioConfig'.
server.ts(646,12): error TS2304: Cannot find name 'portfolioConfig'.
server.ts(647,46): error TS2304: Cannot find name 'portfolioConfig'.
server.ts(650,25): error TS2304: Cannot find name 'portfolioConfig'.
server.ts(651,30): error TS2304: Cannot find name 'portfolioConfig'.
server.ts(652,30): error TS2304: Cannot find name 'portfolioConfig'.
server.ts(737,36): error TS2304: Cannot find name 'portfolioConfig'.
server.ts(769,36): error TS2304: Cannot find name 'portfolioConfig'.
server.ts(797,8): error TS2304: Cannot find name 'portfolioConfig'.
server.ts(798,8): error TS2304: Cannot find name 'portfolioConfig'.
server.ts(800,24): error TS2304: Cannot find name 'CONFIG_FILE'.
server.ts(800,52): error TS2304: Cannot find name 'portfolioConfig'.
server.ts(804,20): error TS2304: Cannot find name 'portfolioConfig'.
